// Jest Snapshot v1, https://goo.gl/fbAQLP

exports[`both omniscient rules should run both omniscient rule fixes 1`] = `
"import { Component } from 'react';
import { isEqualImmutable } from 'ImmutableComponent';

class Test extends Component {
    static displayName = \\"Test\\";

    shouldComponentUpdate(nextProps, nextState) {
        return !(
            isEqualImmutable(this.props, nextProps) &&
            ((!oldState && !newState) ||
                isEqualImmutable(this.state, nextState))
        );
    }

    componentDidMount = () => {
        this.test = 2;
    };

    test = 1;

    render() {
        return <span>{this.test}</span>;
    }
}"
`;
